/tmp/.mount_krita-fIGEnP/usr/bin/ffmpeg -hide_banner -y -y -r 12 -start_number 0 -start_number_range 1 -i /home/kblinux/Documents/code/castles/castles_folder/gif/frame%04d.png -i /home/kblinux/Documents/code/castles/castles_folder/gif/KritaTempPalettegen_%06d.png -lavfi [0:v][1:v]paletteuse=dither=sierra2_4a:diff_mode=none -f gif -loop 0 -gifflags +transdiff /home/kblinux/Documents/code/castles/castles_folder/gif/corrupted_heart.gif
=====================================================
Input #0, image2, from '/home/kblinux/Documents/code/castles/castles_folder/gif/frame%04d.png':
  Duration: 00:00:00.28, start: 0.000000, bitrate: N/A
  Stream #0:0: Video: png, rgba(pc, gbr/unknown/unknown), 100x100 [SAR 2834:2834 DAR 1:1], 25 fps, 25 tbr, 25 tbn
Input #1, image2, from '/home/kblinux/Documents/code/castles/castles_folder/gif/KritaTempPalettegen_%06d.png':
  Duration: 00:00:00.04, start: 0.000000, bitrate: N/A
  Stream #1:0: Video: png, rgba(pc, gbr/unknown/unknown), 16x16 [SAR 1:1 DAR 1:1], 25 fps, 25 tbr, 25 tbn
Stream mapping:
  Stream #0:0 (png) -> paletteuse
  Stream #1:0 (png) -> paletteuse
  paletteuse:default -> Stream #0:0 (gif)
Press [q] to stop, [?] for help
Output #0, gif, to '/home/kblinux/Documents/code/castles/castles_folder/gif/corrupted_heart.gif':
  Metadata:
    encoder         : Lavf61.7.100
  Stream #0:0: Video: gif, pal8(pc, gbr/unknown/unknown, progressive), 100x100 [SAR 1:1 DAR 1:1], q=2-31, 200 kb/s, 12 fps, 100 tbn
      Metadata:
        encoder         : Lavc61.19.101 gif
[out#0/gif @ 0x584daee05340] video:22KiB audio:0KiB subtitle:0KiB other streams:0KiB global headers:0KiB muxing overhead: 0.089290%
frame=    7 fps=0.0 q=-0.0 Lsize=      22KiB time=00:00:00.58 bitrate= 307.5kbits/s speed=39.4x    
